Podcast Script:
This is a test script.

Note: Audio generation failed. This is a text transcript.